2026-04-01 13:21:51 | INFO | Request received: config_order=3, num_parameters=1, parameter_lengths=[1], parameters=[[0.1]]
2026-04-01 13:21:52 | INFO | Batch submitted: batch_id=3_1534ee71a408407098bb72d9f871d050, config_order=3, real_count=1, total_count=2, parameters=[[0.1], [0.1]]
2026-04-01 13:21:52 | INFO | Output received: batch_id=3_1534ee71a408407098bb72d9f871d050, config_order=3, output_length=2, parameters=[[0.1], [0.1]], output=[0.5, 0.5]
2026-04-01 13:21:52 | INFO | Request received: config_order=3, num_parameters=1, parameter_lengths=[1], parameters=[[0.1]]
2026-04-01 13:21:52 | INFO | Request received: config_order=4, num_parameters=1, parameter_lengths=[1], parameters=[[0.1]]
2026-04-01 13:21:52 | INFO | Request received: config_order=4, num_parameters=1, parameter_lengths=[1], parameters=[[0.1]]
2026-04-01 13:21:52 | INFO | Request received: config_order=4, num_parameters=1, parameter_lengths=[1], parameters=[[0.1]]
2026-04-01 13:21:52 | INFO | Request received: config_order=3, num_parameters=1, parameter_lengths=[1], parameters=[[0.1]]
2026-04-01 13:21:52 | INFO | Request received: config_order=4, num_parameters=1, parameter_lengths=[1], parameters=[[0.1]]
2026-04-01 13:21:52 | INFO | Request received: config_order=3, num_parameters=1, parameter_lengths=[1], parameters=[[0.1]]
2026-04-01 13:21:52 | INFO | Request received: config_order=3, num_parameters=1, parameter_lengths=[1], parameters=[[0.1]]
2026-04-01 13:21:52 | INFO | Request received: config_order=3, num_parameters=1, parameter_lengths=[1], parameters=[[0.1]]
2026-04-01 13:21:52 | INFO | Request received: config_order=4, num_parameters=1, parameter_lengths=[1], parameters=[[0.1]]
2026-04-01 13:21:52 | INFO | Request received: config_order=4, num_parameters=1, parameter_lengths=[1], parameters=[[0.1]]
2026-04-01 13:21:52 | INFO | Request received: config_order=3, num_parameters=1, parameter_lengths=[1], parameters=[[0.1]]
2026-04-01 13:21:52 | INFO | Request received: config_order=3, num_parameters=1, parameter_lengths=[1], parameters=[[0.1]]
2026-04-01 13:21:52 | INFO | Request received: config_order=4, num_parameters=1, parameter_lengths=[1], parameters=[[0.1]]
2026-04-01 13:21:52 | INFO | Request received: config_order=4, num_parameters=1, parameter_lengths=[1], parameters=[[0.1]]
2026-04-01 13:21:52 | INFO | Request received: config_order=3, num_parameters=1, parameter_lengths=[1], parameters=[[0.1]]
2026-04-01 13:21:52 | INFO | Request received: config_order=4, num_parameters=1, parameter_lengths=[1], parameters=[[0.1]]
2026-04-01 13:21:52 | INFO | Request received: config_order=4, num_parameters=1, parameter_lengths=[1], parameters=[[0.1]]
2026-04-01 13:21:52 | INFO | Request received: config_order=3, num_parameters=1, parameter_lengths=[1], parameters=[[0.1]]
2026-04-01 13:21:52 | INFO | Request received: config_order=3, num_parameters=1, parameter_lengths=[1], parameters=[[0.1]]
2026-04-01 13:21:52 | INFO | Batch submitted: batch_id=4_27e09c574f5d42d0bd5eb473d5381054, config_order=4, real_count=1, total_count=1, parameters=[[0.1]]
2026-04-01 13:21:52 | INFO | Batch submitted: batch_id=3_32f01d908385408cb44904b22d3893f2, config_order=3, real_count=1, total_count=1, parameters=[[0.1]]
2026-04-01 13:21:52 | INFO | Batch submitted: batch_id=4_3e3a100182404ecba476cbd03e4f1cd7, config_order=4, real_count=1, total_count=1, parameters=[[0.1]]
2026-04-01 13:21:52 | INFO | Batch submitted: batch_id=3_4dd70a3d55274cfe997fff07cfe0af4b, config_order=3, real_count=1, total_count=1, parameters=[[0.1]]
2026-04-01 13:21:52 | INFO | Batch submitted: batch_id=4_7f49f9283dc043e7819151f77eaab226, config_order=4, real_count=1, total_count=1, parameters=[[0.1]]
2026-04-01 13:21:52 | INFO | Batch submitted: batch_id=3_1445bceda6584c59a75aa4fa5ffb79ab, config_order=3, real_count=1, total_count=1, parameters=[[0.1]]
2026-04-01 13:21:52 | INFO | Batch submitted: batch_id=4_bb91ebba46ee4e2c913739a537a15f24, config_order=4, real_count=1, total_count=1, parameters=[[0.1]]
2026-04-01 13:21:52 | INFO | Batch submitted: batch_id=3_9ff78043df644cef89dd1d00d05dff76, config_order=3, real_count=1, total_count=1, parameters=[[0.1]]
2026-04-01 13:21:52 | INFO | Batch submitted: batch_id=4_8c04aa0a8d1a4129befc783d1a9e9c0d, config_order=4, real_count=1, total_count=1, parameters=[[0.1]]
2026-04-01 13:21:52 | INFO | Output received: batch_id=4_8c04aa0a8d1a4129befc783d1a9e9c0d, config_order=4, output_length=1, parameters=[[0.1]], output=[0.5]
2026-04-01 13:21:52 | INFO | Batch submitted: batch_id=4_337f048b8c7547f4a78fbcea2ddbab26, config_order=4, real_count=1, total_count=1, parameters=[[0.1]]
2026-04-01 13:21:52 | INFO | Batch submitted: batch_id=4_1080ab40ed734ea3b341d34d0d0adf13, config_order=4, real_count=1, total_count=1, parameters=[[0.1]]
2026-04-01 13:21:52 | INFO | Batch submitted: batch_id=3_0fdc0f97be8c4ca1be3d0278f6aa9226, config_order=3, real_count=1, total_count=1, parameters=[[0.1]]
2026-04-01 13:21:52 | INFO | Batch submitted: batch_id=3_0e6c0eb2c8b94cf5b5cdc7e5f69fef92, config_order=3, real_count=1, total_count=1, parameters=[[0.1]]
2026-04-01 13:21:52 | INFO | Batch submitted: batch_id=4_a989e058998d48f39d3b4cdfcf7ea597, config_order=4, real_count=1, total_count=1, parameters=[[0.1]]
2026-04-01 13:21:52 | INFO | Batch submitted: batch_id=3_25be3235b6e84c16b1bc97e511287638, config_order=3, real_count=1, total_count=1, parameters=[[0.1]]
2026-04-01 13:21:52 | INFO | Batch submitted: batch_id=4_7136e7520b49475b82c6e2a6d28314b7, config_order=4, real_count=1, total_count=1, parameters=[[0.1]]
2026-04-01 13:21:52 | INFO | Batch submitted: batch_id=4_ea3db5f003454779a32b552b8771e075, config_order=4, real_count=1, total_count=1, parameters=[[0.1]]
2026-04-01 13:21:52 | INFO | Batch submitted: batch_id=3_d6e992e5d9274288b39f0a33306e955a, config_order=3, real_count=1, total_count=1, parameters=[[0.1]]
2026-04-01 13:21:52 | INFO | Output received: batch_id=4_27e09c574f5d42d0bd5eb473d5381054, config_order=4, output_length=1, parameters=[[0.1]], output=[0.5]
2026-04-01 13:21:52 | INFO | Output received: batch_id=3_32f01d908385408cb44904b22d3893f2, config_order=3, output_length=1, parameters=[[0.1]], output=[0.5]
2026-04-01 13:21:52 | INFO | Batch submitted: batch_id=3_3cc3572e23e3496f89c78b3d42e110df, config_order=3, real_count=1, total_count=1, parameters=[[0.1]]
2026-04-01 13:21:52 | INFO | Output received: batch_id=4_3e3a100182404ecba476cbd03e4f1cd7, config_order=4, output_length=1, parameters=[[0.1]], output=[0.5]
2026-04-01 13:21:52 | INFO | Output received: batch_id=3_4dd70a3d55274cfe997fff07cfe0af4b, config_order=3, output_length=1, parameters=[[0.1]], output=[0.5]
2026-04-01 13:21:52 | INFO | Output received: batch_id=4_7f49f9283dc043e7819151f77eaab226, config_order=4, output_length=1, parameters=[[0.1]], output=[0.5]
2026-04-01 13:21:52 | INFO | Output received: batch_id=3_1445bceda6584c59a75aa4fa5ffb79ab, config_order=3, output_length=1, parameters=[[0.1]], output=[0.5]
2026-04-01 13:21:52 | INFO | Output received: batch_id=4_bb91ebba46ee4e2c913739a537a15f24, config_order=4, output_length=1, parameters=[[0.1]], output=[0.5]
2026-04-01 13:21:52 | INFO | Output received: batch_id=3_9ff78043df644cef89dd1d00d05dff76, config_order=3, output_length=1, parameters=[[0.1]], output=[0.5]
2026-04-01 13:21:52 | INFO | Batch submitted: batch_id=3_3b011e08425a4af0acf4600968086fda, config_order=3, real_count=1, total_count=1, parameters=[[0.1]]
2026-04-01 13:21:52 | INFO | Output received: batch_id=4_337f048b8c7547f4a78fbcea2ddbab26, config_order=4, output_length=1, parameters=[[0.1]], output=[0.5]
2026-04-01 13:21:52 | INFO | Output received: batch_id=4_1080ab40ed734ea3b341d34d0d0adf13, config_order=4, output_length=1, parameters=[[0.1]], output=[0.5]
2026-04-01 13:21:52 | INFO | Output received: batch_id=3_0fdc0f97be8c4ca1be3d0278f6aa9226, config_order=3, output_length=1, parameters=[[0.1]], output=[0.5]
2026-04-01 13:21:52 | INFO | Output received: batch_id=3_0e6c0eb2c8b94cf5b5cdc7e5f69fef92, config_order=3, output_length=1, parameters=[[0.1]], output=[0.5]
2026-04-01 13:21:52 | INFO | Output received: batch_id=4_a989e058998d48f39d3b4cdfcf7ea597, config_order=4, output_length=1, parameters=[[0.1]], output=[0.5]
2026-04-01 13:21:52 | INFO | Output received: batch_id=3_25be3235b6e84c16b1bc97e511287638, config_order=3, output_length=1, parameters=[[0.1]], output=[0.5]
2026-04-01 13:21:52 | INFO | Output received: batch_id=4_7136e7520b49475b82c6e2a6d28314b7, config_order=4, output_length=1, parameters=[[0.1]], output=[0.5]
2026-04-01 13:21:52 | INFO | Output received: batch_id=4_ea3db5f003454779a32b552b8771e075, config_order=4, output_length=1, parameters=[[0.1]], output=[0.5]
2026-04-01 13:21:52 | INFO | Output received: batch_id=3_d6e992e5d9274288b39f0a33306e955a, config_order=3, output_length=1, parameters=[[0.1]], output=[0.5]
2026-04-01 13:21:52 | INFO | Output received: batch_id=3_3cc3572e23e3496f89c78b3d42e110df, config_order=3, output_length=1, parameters=[[0.1]], output=[0.5]
2026-04-01 13:21:52 | INFO | Output received: batch_id=3_3b011e08425a4af0acf4600968086fda, config_order=3, output_length=1, parameters=[[0.1]], output=[0.5]
2026-04-01 13:21:52 | INFO | Request received: config_order=3, num_parameters=1, parameter_lengths=[1], parameters=[[0.1]]
2026-04-01 13:21:52 | INFO | Request received: config_order=4, num_parameters=1, parameter_lengths=[1], parameters=[[0.1]]
2026-04-01 13:21:52 | INFO | Request received: config_order=3, num_parameters=1, parameter_lengths=[1], parameters=[[0.1]]
2026-04-01 13:21:52 | INFO | Request received: config_order=4, num_parameters=1, parameter_lengths=[1], parameters=[[0.1]]
2026-04-01 13:21:52 | INFO | Request received: config_order=3, num_parameters=1, parameter_lengths=[1], parameters=[[0.1]]
2026-04-01 13:21:52 | INFO | Request received: config_order=3, num_parameters=1, parameter_lengths=[1], parameters=[[0.1]]
2026-04-01 13:21:52 | INFO | Request received: config_order=3, num_parameters=1, parameter_lengths=[1], parameters=[[0.1]]
2026-04-01 13:21:52 | INFO | Request received: config_order=3, num_parameters=1, parameter_lengths=[1], parameters=[[0.1]]
2026-04-01 13:21:52 | INFO | Request received: config_order=4, num_parameters=1, parameter_lengths=[1], parameters=[[0.1]]
2026-04-01 13:21:52 | INFO | Request received: config_order=4, num_parameters=1, parameter_lengths=[1], parameters=[[0.1]]
2026-04-01 13:21:52 | INFO | Request received: config_order=4, num_parameters=1, parameter_lengths=[1], parameters=[[0.1]]
2026-04-01 13:21:52 | INFO | Request received: config_order=4, num_parameters=1, parameter_lengths=[1], parameters=[[0.1]]
2026-04-01 13:21:52 | INFO | Request received: config_order=4, num_parameters=1, parameter_lengths=[1], parameters=[[0.1]]
2026-04-01 13:21:52 | INFO | Request received: config_order=3, num_parameters=1, parameter_lengths=[1], parameters=[[0.1]]
2026-04-01 13:21:52 | INFO | Request received: config_order=3, num_parameters=1, parameter_lengths=[1], parameters=[[0.1]]
2026-04-01 13:21:52 | INFO | Request received: config_order=4, num_parameters=1, parameter_lengths=[1], parameters=[[0.1]]
2026-04-01 13:21:52 | INFO | Request received: config_order=4, num_parameters=1, parameter_lengths=[1], parameters=[[0.1]]
2026-04-01 13:21:52 | INFO | Request received: config_order=3, num_parameters=1, parameter_lengths=[1], parameters=[[0.1]]
2026-04-01 13:21:52 | INFO | Request received: config_order=4, num_parameters=1, parameter_lengths=[1], parameters=[[0.1]]
2026-04-01 13:21:52 | INFO | Request received: config_order=3, num_parameters=1, parameter_lengths=[1], parameters=[[0.1]]
2026-04-01 13:21:52 | INFO | Batch submitted: batch_id=3_9e0b9a71df464029a3eb06c4cdb732c9, config_order=3, real_count=2, total_count=2, parameters=[[0.1], [0.1]]
2026-04-01 13:21:52 | INFO | Batch submitted: batch_id=4_30d70ef077a74413bc12afc1157ffee7, config_order=4, real_count=1, total_count=1, parameters=[[0.1]]
2026-04-01 13:21:52 | INFO | Batch submitted: batch_id=4_e8359197914f468faf7dc45e8e872bf4, config_order=4, real_count=1, total_count=1, parameters=[[0.1]]
2026-04-01 13:21:52 | INFO | Batch submitted: batch_id=3_bd9fe48ac21a404db6f39b0a64e76ca1, config_order=3, real_count=2, total_count=2, parameters=[[0.1], [0.1]]
2026-04-01 13:21:52 | INFO | Batch submitted: batch_id=3_ce4e912919d645ccbdc1ca5d26a38835, config_order=3, real_count=2, total_count=2, parameters=[[0.1], [0.1]]
2026-04-01 13:21:52 | INFO | Batch submitted: batch_id=4_8b8374d5fdf7482c8840ae52c687c3ac, config_order=4, real_count=1, total_count=1, parameters=[[0.1]]
2026-04-01 13:21:52 | INFO | Batch submitted: batch_id=4_a7c6c11a18324758b37edbc1030cb0ee, config_order=4, real_count=1, total_count=1, parameters=[[0.1]]
2026-04-01 13:21:52 | INFO | Batch submitted: batch_id=4_c74d9d67bb2c4a0bae20fa8bd4275dd4, config_order=4, real_count=1, total_count=1, parameters=[[0.1]]
2026-04-01 13:21:52 | INFO | Batch submitted: batch_id=4_d599f817c60f48779d1c0f318f4ab65a, config_order=4, real_count=1, total_count=1, parameters=[[0.1]]
2026-04-01 13:21:52 | INFO | Batch submitted: batch_id=3_79e1b5f86004451c931d95a12480403c, config_order=3, real_count=2, total_count=2, parameters=[[0.1], [0.1]]
2026-04-01 13:21:52 | INFO | Batch submitted: batch_id=4_bffe98df874442469ffaec4f027c35a3, config_order=4, real_count=1, total_count=1, parameters=[[0.1]]
2026-04-01 13:21:52 | INFO | Batch submitted: batch_id=4_d8263291e8e446ebbaf33c75d3b96e1c, config_order=4, real_count=1, total_count=1, parameters=[[0.1]]
2026-04-01 13:21:52 | INFO | Batch submitted: batch_id=4_0c193504c15c4d75a0b2c02cae84acbe, config_order=4, real_count=1, total_count=1, parameters=[[0.1]]
2026-04-01 13:21:52 | INFO | Batch submitted: batch_id=3_b85af94dc23143f5a7ca502cb9f28ae4, config_order=3, real_count=2, total_count=2, parameters=[[0.1], [0.1]]
2026-04-01 13:21:52 | INFO | Output received: batch_id=3_9e0b9a71df464029a3eb06c4cdb732c9, config_order=3, output_length=2, parameters=[[0.1], [0.1]], output=[0.5, 0.5]
2026-04-01 13:21:52 | INFO | Batch submitted: batch_id=4_ec6d9719bed94777a3031d0a5c62e5ab, config_order=4, real_count=1, total_count=1, parameters=[[0.1]]
2026-04-01 13:21:52 | INFO | Output received: batch_id=4_30d70ef077a74413bc12afc1157ffee7, config_order=4, output_length=1, parameters=[[0.1]], output=[0.5]
2026-04-01 13:21:52 | INFO | Output received: batch_id=4_e8359197914f468faf7dc45e8e872bf4, config_order=4, output_length=1, parameters=[[0.1]], output=[0.5]
2026-04-01 13:21:52 | INFO | Output received: batch_id=3_bd9fe48ac21a404db6f39b0a64e76ca1, config_order=3, output_length=2, parameters=[[0.1], [0.1]], output=[0.5, 0.5]
2026-04-01 13:21:52 | INFO | Output received: batch_id=3_ce4e912919d645ccbdc1ca5d26a38835, config_order=3, output_length=2, parameters=[[0.1], [0.1]], output=[0.5, 0.5]
2026-04-01 13:21:52 | INFO | Output received: batch_id=4_8b8374d5fdf7482c8840ae52c687c3ac, config_order=4, output_length=1, parameters=[[0.1]], output=[0.5]
2026-04-01 13:21:52 | INFO | Output received: batch_id=4_a7c6c11a18324758b37edbc1030cb0ee, config_order=4, output_length=1, parameters=[[0.1]], output=[0.5]
2026-04-01 13:21:52 | INFO | Output received: batch_id=4_c74d9d67bb2c4a0bae20fa8bd4275dd4, config_order=4, output_length=1, parameters=[[0.1]], output=[0.5]
2026-04-01 13:21:52 | INFO | Output received: batch_id=4_d599f817c60f48779d1c0f318f4ab65a, config_order=4, output_length=1, parameters=[[0.1]], output=[0.5]
2026-04-01 13:21:52 | INFO | Output received: batch_id=3_79e1b5f86004451c931d95a12480403c, config_order=3, output_length=2, parameters=[[0.1], [0.1]], output=[0.5, 0.5]
2026-04-01 13:21:52 | INFO | Output received: batch_id=4_bffe98df874442469ffaec4f027c35a3, config_order=4, output_length=1, parameters=[[0.1]], output=[0.5]
2026-04-01 13:21:52 | INFO | Output received: batch_id=4_d8263291e8e446ebbaf33c75d3b96e1c, config_order=4, output_length=1, parameters=[[0.1]], output=[0.5]
2026-04-01 13:21:52 | INFO | Output received: batch_id=4_0c193504c15c4d75a0b2c02cae84acbe, config_order=4, output_length=1, parameters=[[0.1]], output=[0.5]
2026-04-01 13:21:52 | INFO | Output received: batch_id=3_b85af94dc23143f5a7ca502cb9f28ae4, config_order=3, output_length=2, parameters=[[0.1], [0.1]], output=[0.5, 0.5]
2026-04-01 13:21:52 | INFO | Output received: batch_id=4_ec6d9719bed94777a3031d0a5c62e5ab, config_order=4, output_length=1, parameters=[[0.1]], output=[0.5]
2026-04-01 13:21:52 | INFO | Request received: config_order=3, num_parameters=1, parameter_lengths=[1], parameters=[[0.1]]
2026-04-01 13:21:52 | INFO | Request received: config_order=4, num_parameters=1, parameter_lengths=[1], parameters=[[0.1]]
2026-04-01 13:21:52 | INFO | Request received: config_order=3, num_parameters=1, parameter_lengths=[1], parameters=[[0.1]]
2026-04-01 13:21:52 | INFO | Request received: config_order=4, num_parameters=1, parameter_lengths=[1], parameters=[[0.1]]
2026-04-01 13:21:52 | INFO | Request received: config_order=4, num_parameters=1, parameter_lengths=[1], parameters=[[0.1]]
2026-04-01 13:21:52 | INFO | Request received: config_order=3, num_parameters=1, parameter_lengths=[1], parameters=[[0.1]]
2026-04-01 13:21:52 | INFO | Request received: config_order=4, num_parameters=1, parameter_lengths=[1], parameters=[[0.1]]
2026-04-01 13:21:52 | INFO | Request received: config_order=3, num_parameters=1, parameter_lengths=[1], parameters=[[0.1]]
2026-04-01 13:21:52 | INFO | Request received: config_order=4, num_parameters=1, parameter_lengths=[1], parameters=[[0.1]]
2026-04-01 13:21:52 | INFO | Request received: config_order=3, num_parameters=1, parameter_lengths=[1], parameters=[[0.1]]
2026-04-01 13:21:52 | INFO | Request received: config_order=4, num_parameters=1, parameter_lengths=[1], parameters=[[0.1]]
2026-04-01 13:21:52 | INFO | Request received: config_order=3, num_parameters=1, parameter_lengths=[1], parameters=[[0.1]]
2026-04-01 13:21:52 | INFO | Request received: config_order=4, num_parameters=1, parameter_lengths=[1], parameters=[[0.1]]
2026-04-01 13:21:52 | INFO | Request received: config_order=3, num_parameters=1, parameter_lengths=[1], parameters=[[0.1]]
2026-04-01 13:21:52 | INFO | Request received: config_order=4, num_parameters=1, parameter_lengths=[1], parameters=[[0.1]]
2026-04-01 13:21:52 | INFO | Request received: config_order=4, num_parameters=1, parameter_lengths=[1], parameters=[[0.1]]
2026-04-01 13:21:52 | INFO | Request received: config_order=3, num_parameters=1, parameter_lengths=[1], parameters=[[0.1]]
2026-04-01 13:21:52 | INFO | Request received: config_order=3, num_parameters=1, parameter_lengths=[1], parameters=[[0.1]]
2026-04-01 13:21:52 | INFO | Request received: config_order=4, num_parameters=1, parameter_lengths=[1], parameters=[[0.1]]
2026-04-01 13:21:52 | INFO | Request received: config_order=3, num_parameters=1, parameter_lengths=[1], parameters=[[0.1]]
2026-04-01 13:21:52 | INFO | Batch submitted: batch_id=4_0ebfa8d37e184ba083c9d74ea03777bb, config_order=4, real_count=1, total_count=1, parameters=[[0.1]]
2026-04-01 13:21:52 | INFO | Batch submitted: batch_id=4_d52a6227a0fa4ae883cd2b1a62672056, config_order=4, real_count=1, total_count=1, parameters=[[0.1]]
2026-04-01 13:21:52 | INFO | Batch submitted: batch_id=4_e411f8008adc4241acdddf2ee47ff8a6, config_order=4, real_count=1, total_count=1, parameters=[[0.1]]
2026-04-01 13:21:52 | INFO | Batch submitted: batch_id=4_666af3c8c1ff40499610a582b37eeac1, config_order=4, real_count=1, total_count=1, parameters=[[0.1]]
2026-04-01 13:21:52 | INFO | Batch submitted: batch_id=4_524b7a8911c14b0584cf4f3766900b5b, config_order=4, real_count=1, total_count=1, parameters=[[0.1]]
2026-04-01 13:21:52 | INFO | Batch submitted: batch_id=4_b1be0e6a77b74942a417237899029238, config_order=4, real_count=1, total_count=1, parameters=[[0.1]]
2026-04-01 13:21:52 | INFO | Batch submitted: batch_id=4_8e1597983a6146d2bf6ba9b8baad6b01, config_order=4, real_count=1, total_count=1, parameters=[[0.1]]
2026-04-01 13:21:52 | INFO | Batch submitted: batch_id=4_60a34aa2c0e14bfc8828e91d0671257d, config_order=4, real_count=1, total_count=1, parameters=[[0.1]]
2026-04-01 13:21:52 | INFO | Batch submitted: batch_id=3_9bf6d658807d4f7a962dff969242c7b4, config_order=3, real_count=8, total_count=8, parameters=[[0.1], [0.1], [0.1], [0.1], [0.1], [0.1], [0.1], [0.1]]
2026-04-01 13:21:52 | INFO | Batch submitted: batch_id=4_2ed5723b1ff748cd871c94cf596d8900, config_order=4, real_count=1, total_count=1, parameters=[[0.1]]
2026-04-01 13:21:52 | INFO | Output received: batch_id=4_0ebfa8d37e184ba083c9d74ea03777bb, config_order=4, output_length=1, parameters=[[0.1]], output=[0.5]
2026-04-01 13:21:52 | INFO | Batch submitted: batch_id=4_2e47c10a2cb348379f90f755985a92e4, config_order=4, real_count=1, total_count=1, parameters=[[0.1]]
2026-04-01 13:21:52 | INFO | Output received: batch_id=4_d52a6227a0fa4ae883cd2b1a62672056, config_order=4, output_length=1, parameters=[[0.1]], output=[0.5]
2026-04-01 13:21:52 | INFO | Output received: batch_id=4_e411f8008adc4241acdddf2ee47ff8a6, config_order=4, output_length=1, parameters=[[0.1]], output=[0.5]
2026-04-01 13:21:52 | INFO | Output received: batch_id=4_666af3c8c1ff40499610a582b37eeac1, config_order=4, output_length=1, parameters=[[0.1]], output=[0.5]
2026-04-01 13:21:52 | INFO | Output received: batch_id=4_524b7a8911c14b0584cf4f3766900b5b, config_order=4, output_length=1, parameters=[[0.1]], output=[0.5]
2026-04-01 13:21:52 | INFO | Output received: batch_id=4_b1be0e6a77b74942a417237899029238, config_order=4, output_length=1, parameters=[[0.1]], output=[0.5]
2026-04-01 13:21:52 | INFO | Output received: batch_id=4_8e1597983a6146d2bf6ba9b8baad6b01, config_order=4, output_length=1, parameters=[[0.1]], output=[0.5]
2026-04-01 13:21:52 | INFO | Output received: batch_id=4_60a34aa2c0e14bfc8828e91d0671257d, config_order=4, output_length=1, parameters=[[0.1]], output=[0.5]
2026-04-01 13:21:52 | INFO | Output received: batch_id=3_9bf6d658807d4f7a962dff969242c7b4, config_order=3, output_length=8, parameters=[[0.1], [0.1], [0.1], [0.1], [0.1], [0.1], [0.1], [0.1]], output=[0.5, 0.5, 0.5, 0.5, 0.5, 0.5, 0.5, 0.5]
2026-04-01 13:21:52 | INFO | Output received: batch_id=4_2ed5723b1ff748cd871c94cf596d8900, config_order=4, output_length=1, parameters=[[0.1]], output=[0.5]
2026-04-01 13:21:52 | INFO | Output received: batch_id=4_2e47c10a2cb348379f90f755985a92e4, config_order=4, output_length=1, parameters=[[0.1]], output=[0.5]
2026-04-01 13:21:52 | INFO | Batch submitted: batch_id=3_f1961e533f214ce2a0bcd0cb28099db3, config_order=3, real_count=2, total_count=8, parameters=[[0.1], [0.1], [0.1], [0.1], [0.1], [0.1], [0.1], [0.1]]
2026-04-01 13:21:52 | INFO | Output received: batch_id=3_f1961e533f214ce2a0bcd0cb28099db3, config_order=3, output_length=8, parameters=[[0.1], [0.1], [0.1], [0.1], [0.1], [0.1], [0.1], [0.1]], output=[0.5, 0.5, 0.5, 0.5, 0.5, 0.5, 0.5, 0.5]
2026-04-01 13:21:52 | INFO | Request received: config_order=3, num_parameters=1, parameter_lengths=[1], parameters=[[0.1]]
2026-04-01 13:21:52 | INFO | Request received: config_order=4, num_parameters=1, parameter_lengths=[1], parameters=[[0.1]]
2026-04-01 13:21:52 | INFO | Request received: config_order=3, num_parameters=1, parameter_lengths=[1], parameters=[[0.1]]
2026-04-01 13:21:52 | INFO | Request received: config_order=3, num_parameters=1, parameter_lengths=[1], parameters=[[0.1]]
2026-04-01 13:21:52 | INFO | Request received: config_order=4, num_parameters=1, parameter_lengths=[1], parameters=[[0.1]]
2026-04-01 13:21:52 | INFO | Request received: config_order=3, num_parameters=1, parameter_lengths=[1], parameters=[[0.1]]
2026-04-01 13:21:52 | INFO | Request received: config_order=4, num_parameters=1, parameter_lengths=[1], parameters=[[0.1]]
2026-04-01 13:21:52 | INFO | Request received: config_order=4, num_parameters=1, parameter_lengths=[1], parameters=[[0.1]]
2026-04-01 13:21:52 | INFO | Request received: config_order=3, num_parameters=1, parameter_lengths=[1], parameters=[[0.1]]
2026-04-01 13:21:52 | INFO | Request received: config_order=4, num_parameters=1, parameter_lengths=[1], parameters=[[0.1]]
2026-04-01 13:21:52 | INFO | Request received: config_order=3, num_parameters=1, parameter_lengths=[1], parameters=[[0.1]]
2026-04-01 13:21:52 | INFO | Request received: config_order=3, num_parameters=1, parameter_lengths=[1], parameters=[[0.1]]
2026-04-01 13:21:52 | INFO | Request received: config_order=4, num_parameters=1, parameter_lengths=[1], parameters=[[0.1]]
2026-04-01 13:21:52 | INFO | Request received: config_order=4, num_parameters=1, parameter_lengths=[1], parameters=[[0.1]]
2026-04-01 13:21:52 | INFO | Request received: config_order=3, num_parameters=1, parameter_lengths=[1], parameters=[[0.1]]
2026-04-01 13:21:52 | INFO | Request received: config_order=3, num_parameters=1, parameter_lengths=[1], parameters=[[0.1]]
2026-04-01 13:21:52 | INFO | Request received: config_order=4, num_parameters=1, parameter_lengths=[1], parameters=[[0.1]]
2026-04-01 13:21:52 | INFO | Request received: config_order=3, num_parameters=1, parameter_lengths=[1], parameters=[[0.1]]
2026-04-01 13:21:52 | INFO | Request received: config_order=4, num_parameters=1, parameter_lengths=[1], parameters=[[0.1]]
2026-04-01 13:21:52 | INFO | Request received: config_order=4, num_parameters=1, parameter_lengths=[1], parameters=[[0.1]]
2026-04-01 13:21:52 | INFO | Batch submitted: batch_id=4_a897012581904f3c926644bdca7d7010, config_order=4, real_count=2, total_count=2, parameters=[[0.1], [0.1]]
2026-04-01 13:21:52 | INFO | Batch submitted: batch_id=4_49d3302be5544c4dacbfbcebe7c55707, config_order=4, real_count=2, total_count=2, parameters=[[0.1], [0.1]]
2026-04-01 13:21:52 | INFO | Batch submitted: batch_id=4_b4bd7c5fb6cb4233908a94551b95ee6c, config_order=4, real_count=2, total_count=2, parameters=[[0.1], [0.1]]
2026-04-01 13:21:52 | INFO | Batch submitted: batch_id=3_c57fbc891e744c2094fe9dbb47fb43a4, config_order=3, real_count=8, total_count=8, parameters=[[0.1], [0.1], [0.1], [0.1], [0.1], [0.1], [0.1], [0.1]]
2026-04-01 13:21:52 | INFO | Batch submitted: batch_id=4_b6b69f658c8c4c4997eb3c60e933ac16, config_order=4, real_count=2, total_count=2, parameters=[[0.1], [0.1]]
2026-04-01 13:21:52 | INFO | Output received: batch_id=4_a897012581904f3c926644bdca7d7010, config_order=4, output_length=2, parameters=[[0.1], [0.1]], output=[0.5, 0.5]
2026-04-01 13:21:52 | INFO | Output received: batch_id=4_49d3302be5544c4dacbfbcebe7c55707, config_order=4, output_length=2, parameters=[[0.1], [0.1]], output=[0.5, 0.5]
2026-04-01 13:21:52 | INFO | Batch submitted: batch_id=4_7ae331486b6a4b5983efcbc80f4821ca, config_order=4, real_count=2, total_count=2, parameters=[[0.1], [0.1]]
2026-04-01 13:21:52 | INFO | Output received: batch_id=4_b4bd7c5fb6cb4233908a94551b95ee6c, config_order=4, output_length=2, parameters=[[0.1], [0.1]], output=[0.5, 0.5]
2026-04-01 13:21:52 | INFO | Output received: batch_id=3_c57fbc891e744c2094fe9dbb47fb43a4, config_order=3, output_length=8, parameters=[[0.1], [0.1], [0.1], [0.1], [0.1], [0.1], [0.1], [0.1]], output=[0.5, 0.5, 0.5, 0.5, 0.5, 0.5, 0.5, 0.5]
2026-04-01 13:21:52 | INFO | Output received: batch_id=4_b6b69f658c8c4c4997eb3c60e933ac16, config_order=4, output_length=2, parameters=[[0.1], [0.1]], output=[0.5, 0.5]
2026-04-01 13:21:52 | INFO | Output received: batch_id=4_7ae331486b6a4b5983efcbc80f4821ca, config_order=4, output_length=2, parameters=[[0.1], [0.1]], output=[0.5, 0.5]
2026-04-01 13:21:52 | INFO | Batch submitted: batch_id=3_01c425584f094ccca846389685dc80dc, config_order=3, real_count=2, total_count=8, parameters=[[0.1], [0.1], [0.1], [0.1], [0.1], [0.1], [0.1], [0.1]]
2026-04-01 13:21:52 | INFO | Output received: batch_id=3_01c425584f094ccca846389685dc80dc, config_order=3, output_length=8, parameters=[[0.1], [0.1], [0.1], [0.1], [0.1], [0.1], [0.1], [0.1]], output=[0.5, 0.5, 0.5, 0.5, 0.5, 0.5, 0.5, 0.5]
2026-04-01 13:21:52 | INFO | Request received: config_order=3, num_parameters=1, parameter_lengths=[1], parameters=[[0.1]]
2026-04-01 13:21:52 | INFO | Request received: config_order=4, num_parameters=1, parameter_lengths=[1], parameters=[[0.1]]
2026-04-01 13:21:52 | INFO | Request received: config_order=4, num_parameters=1, parameter_lengths=[1], parameters=[[0.1]]
2026-04-01 13:21:52 | INFO | Request received: config_order=4, num_parameters=1, parameter_lengths=[1], parameters=[[0.1]]
2026-04-01 13:21:52 | INFO | Request received: config_order=3, num_parameters=1, parameter_lengths=[1], parameters=[[0.1]]
2026-04-01 13:21:52 | INFO | Request received: config_order=3, num_parameters=1, parameter_lengths=[1], parameters=[[0.1]]
2026-04-01 13:21:52 | INFO | Request received: config_order=4, num_parameters=1, parameter_lengths=[1], parameters=[[0.1]]
2026-04-01 13:21:52 | INFO | Request received: config_order=3, num_parameters=1, parameter_lengths=[1], parameters=[[0.1]]
2026-04-01 13:21:52 | INFO | Request received: config_order=4, num_parameters=1, parameter_lengths=[1], parameters=[[0.1]]
2026-04-01 13:21:52 | INFO | Request received: config_order=3, num_parameters=1, parameter_lengths=[1], parameters=[[0.1]]
2026-04-01 13:21:52 | INFO | Request received: config_order=3, num_parameters=1, parameter_lengths=[1], parameters=[[0.1]]
2026-04-01 13:21:52 | INFO | Request received: config_order=3, num_parameters=1, parameter_lengths=[1], parameters=[[0.1]]
2026-04-01 13:21:52 | INFO | Request received: config_order=4, num_parameters=1, parameter_lengths=[1], parameters=[[0.1]]
2026-04-01 13:21:52 | INFO | Request received: config_order=4, num_parameters=1, parameter_lengths=[1], parameters=[[0.1]]
2026-04-01 13:21:52 | INFO | Request received: config_order=4, num_parameters=1, parameter_lengths=[1], parameters=[[0.1]]
2026-04-01 13:21:52 | INFO | Request received: config_order=3, num_parameters=1, parameter_lengths=[1], parameters=[[0.1]]
2026-04-01 13:21:52 | INFO | Request received: config_order=4, num_parameters=1, parameter_lengths=[1], parameters=[[0.1]]
2026-04-01 13:21:52 | INFO | Request received: config_order=3, num_parameters=1, parameter_lengths=[1], parameters=[[0.1]]
2026-04-01 13:21:52 | INFO | Request received: config_order=4, num_parameters=1, parameter_lengths=[1], parameters=[[0.1]]
2026-04-01 13:21:52 | INFO | Request received: config_order=3, num_parameters=1, parameter_lengths=[1], parameters=[[0.1]]
2026-04-01 13:21:52 | INFO | Batch submitted: batch_id=3_7dbbe8ad2a2a4a058e063297ad0d98f8, config_order=3, real_count=8, total_count=8, parameters=[[0.1], [0.1], [0.1], [0.1], [0.1], [0.1], [0.1], [0.1]]
2026-04-01 13:21:52 | INFO | Batch submitted: batch_id=4_819c22ad86b14947a74d1e7b68db5c35, config_order=4, real_count=8, total_count=8, parameters=[[0.1], [0.1], [0.1], [0.1], [0.1], [0.1], [0.1], [0.1]]
2026-04-01 13:21:52 | INFO | Output received: batch_id=3_7dbbe8ad2a2a4a058e063297ad0d98f8, config_order=3, output_length=8, parameters=[[0.1], [0.1], [0.1], [0.1], [0.1], [0.1], [0.1], [0.1]], output=[0.5, 0.5, 0.5, 0.5, 0.5, 0.5, 0.5, 0.5]
2026-04-01 13:21:52 | INFO | Output received: batch_id=4_819c22ad86b14947a74d1e7b68db5c35, config_order=4, output_length=8, parameters=[[0.1], [0.1], [0.1], [0.1], [0.1], [0.1], [0.1], [0.1]], output=[0.5, 0.5, 0.5, 0.5, 0.5, 0.5, 0.5, 0.5]
2026-04-01 13:21:52 | INFO | Batch submitted: batch_id=3_d3cac8bc14684049ada54a142011ee7c, config_order=3, real_count=2, total_count=8, parameters=[[0.1], [0.1], [0.1], [0.1], [0.1], [0.1], [0.1], [0.1]]
2026-04-01 13:21:52 | INFO | Output received: batch_id=3_d3cac8bc14684049ada54a142011ee7c, config_order=3, output_length=8, parameters=[[0.1], [0.1], [0.1], [0.1], [0.1], [0.1], [0.1], [0.1]], output=[0.5, 0.5, 0.5, 0.5, 0.5, 0.5, 0.5, 0.5]
2026-04-01 13:21:52 | INFO | Batch submitted: batch_id=4_b175d5ae26fd453ba55a810cfda0daf0, config_order=4, real_count=2, total_count=8, parameters=[[0.1], [0.1], [0.1], [0.1], [0.1], [0.1], [0.1], [0.1]]
2026-04-01 13:21:52 | INFO | Output received: batch_id=4_b175d5ae26fd453ba55a810cfda0daf0, config_order=4, output_length=8, parameters=[[0.1], [0.1], [0.1], [0.1], [0.1], [0.1], [0.1], [0.1]], output=[0.5, 0.5, 0.5, 0.5, 0.5, 0.5, 0.5, 0.5]
2026-04-01 13:21:52 | INFO | Request received: config_order=3, num_parameters=1, parameter_lengths=[2], parameters=[[0.3, 0.4]]
2026-04-01 13:21:52 | INFO | Request received: config_order=3, num_parameters=1, parameter_lengths=[2], parameters=[[0.1, 0.2]]
2026-04-01 13:21:52 | INFO | Batch submitted: batch_id=3_7a28f62757ad4d1db21f00ca96c27e08, config_order=3, real_count=2, total_count=2, parameters=[[0.3, 0.4], [0.1, 0.2]]
2026-04-01 13:21:52 | INFO | Output received: batch_id=3_7a28f62757ad4d1db21f00ca96c27e08, config_order=3, output_length=2, parameters=[[0.3, 0.4], [0.1, 0.2]], output=[0.5, 0.5]
2026-04-01 13:21:52 | INFO | Request received: config_order=3, num_parameters=1, parameter_lengths=[2], parameters=[[0.1, 0.2]]
2026-04-01 13:21:52 | INFO | Batch submitted: batch_id=3_83f44ff13bc84fb7bf156237093b1a94, config_order=3, real_count=1, total_count=2, parameters=[[0.1, 0.2], [0.1, 0.2]]
2026-04-01 13:21:52 | INFO | Output received: batch_id=3_83f44ff13bc84fb7bf156237093b1a94, config_order=3, output_length=2, parameters=[[0.1, 0.2], [0.1, 0.2]], output=[0.5, 0.5]
